This is a list of errors we found while testing our entity recognition function
-Antonio Conte recognized as two entities Antonio and Conte (https://www.bbc.com/sport/football/46062468)
-Scott Walker recognized as two entities Scott and Walker. Obama not merged into Barack Obama because of ObamaCare (https://www.foxnews.com/politics/wisconsin-gov-scott-walker-calls-obama-the-biggest-liar-of-the-world)
-https://www.npr.org/2019/01/13/684645947/los-angeles-teachers-are-moving-forward-with-a-strike

General other things to consider when improving this project
- the use of "not": how to treat the case when some negation is being used to mean the exact opposite of whatever is being written
- quotations: when the author is quoting someone who has a contrasting opinion to them
